C:\ACL3_Projects\M1\contract-service\src\main\java\com\team26\freelance\contract\ContractApplication.java
C:\ACL3_Projects\M1\contract-service\src\main\java\com\team26\freelance\contract\controller\ContractController.java
C:\ACL3_Projects\M1\contract-service\src\main\java\com\team26\freelance\contract\controller\FreelancerController.java
C:\ACL3_Projects\M1\contract-service\src\main\java\com\team26\freelance\contract\controller\HealthController.java
C:\ACL3_Projects\M1\contract-service\src\main\java\com\team26\freelance\contract\controller\StalledContractController.java
C:\ACL3_Projects\M1\contract-service\src\main\java\com\team26\freelance\contract\dto\FreelancerPerformanceDTO.java
C:\ACL3_Projects\M1\contract-service\src\main\java\com\team26\freelance\contract\dto\StalledContractDTO.java
C:\ACL3_Projects\M1\contract-service\src\main\java\com\team26\freelance\contract\model\Contract.java
C:\ACL3_Projects\M1\contract-service\src\main\java\com\team26\freelance\contract\model\ContractStatus.java
C:\ACL3_Projects\M1\contract-service\src\main\java\com\team26\freelance\contract\repository\ContractRepository.java
C:\ACL3_Projects\M1\contract-service\src\main\java\com\team26\freelance\contract\repository\FreelancerPerformanceProjection.java
C:\ACL3_Projects\M1\contract-service\src\main\java\com\team26\freelance\contract\service\ContractPurgeService.java
C:\ACL3_Projects\M1\contract-service\src\main\java\com\team26\freelance\contract\service\ContractService.java
C:\ACL3_Projects\M1\contract-service\src\main\java\com\team26\freelance\contract\service\dto\ContractStatusUpdateRequest.java
C:\ACL3_Projects\M1\contract-service\src\main\java\com\team26\freelance\contract\service\FreelancerPerformanceService.java
C:\ACL3_Projects\M1\contract-service\src\main\java\com\team26\freelance\contract\service\StalledContractService.java
